77533053736
RDDDDRRRRRRDRRDRRRDDRDDDRRRRRRRRRRRRRRDRDRRDRDRDRRRRDRDDRRRRRDRRRRRDDRDRRRRDRRDDDDDDRRRDRRRRDRDRDRRDDDDDDDRRDRDDRDDDRRRRDDDRRRDRRDRDRRDDDRDRDRDDDDDDRDDRDDRDDRDRDDRRDDDDDRDRDRRRRDDDRDDDRRDRRDDRDRRRDRDDRRDRRDDRRRRRRDDDRRDDRDRRDDDDRRRDDRDDRDDDDDDDDRDDDRDDRDDDDDRRDDDRDRRDRDRRDRDDDDDDDRDDRRRRDRRRDRDD
