202821266604
DRDDDDDRDDDDDDDRRDDDDDDDRDDRDRRRDRRRRRRDRRRDRDRDDRDDRDRRDDRRRRRRDRRRDRRRRDRRDRRDDDRRDDRDRRDRRDRRRRRDRRRRRRDRRDRRRDRRDDDRDDRDRRRRRDDDDDDDRDDDDRDRRDRDRRRRRRDRDRRRDRRDRDDDDRDRRRDRDRRRDDRDRRDRDRDDDRRRRRRRRRRDRDRRRRRDDDDDDDDRDDDDDDRDRRRRRRDRDRRRRRRDDRDRDRRRRRRRDRRRRRRRDDDDDDDDDDRDDDRDRRDDDDDDDDDDDDDDDDRRDDDDDRRDDDDRDRDDDDDDDRRRRDDDRRRRRRRDDDDRDRRDDDDRDDRDDDDDRRRRDDRRDRDDRDDRDDDRRDRRDDRDDDDDRDDRDDRDDDDDDDRRRDRRRDRDDDDRDDRRRDRDRDRDDDRRDDRRDDDDRDDDDDDDDDDRRRRRRRDRRRRDDRRDDRRRDRDDRRRRRRRDDDRDDDRRRRRDDRRRRRDRRRRDRDRRDRDRDRRDDDDRDDRRDDDDRDDDRRDDDRDRDRRRDDDDDRRDRRRRRRDRRDRDDDRRRRRRRRRRRRRDDDRRRRRRDDDDDRDDRRRRRRDRDRRRDDDDRRRDDDDRDDRRRDDDDDDDDDRDDRRRRRRRRRRRDDRRDDDDDRRRRRRRRDRDDRDDDRDDDRDDDRRRRRRDDDDDRRRDRDRRDDRDRRDDRDDDDDDRRRDRDDDDDDDDDDDDDDDRRRRRRDRDDDDDRRRRRRRRRDRRRRRDRRRRDDDRDDDD
