211058027419
RDDDDRRRRRRDDDDRRRDRRRDDRRRRRRRDRRRRRDRRRRDRRRDRRDRRRRRDDRRRDRDDDRRRDRRRRRRRRRRRRRDDRRRRDDRDRRDDRDDRRRRDRDRRRRDRDDRRDRDRDRRRRRRRRDRRRDRDDDRDRDRRRDRRRRDDRDRDRDRDRRRRRDDRRRDDRRRDRDRDRRRDRRDRRRRDDRDRDRRDDDRRDDRDRRRDDRDDDDDRRRDRRRRRRDDDRRRDRDDDRDDDDDRRRRRRRRRRRRRRRRRDRRRDRRRRDRRRRRRRRRRRDRDDRDDRDDRDDRRDDRDRRRDRRRRRRDDDRDDRRDRRRRRDRRRDDDDDRDDRRDRRDDDRRRDDDRRRDRDDRDDRDRDRRDDDDDDRDDDRDDRDDDRDDDDDRDRDDRRDRDDRDRRRRRDRDDRDDDRDDDRDRDRRDRDDDRDDRDDRDDDDDDDDRDDDRRRDDDDRDRDDDDRDDRRDRDDDRRRRRRDRDDDRRDDDRRRRRDDDDDDDRRRDDRRDDDDDDRRRDDRDDRDDDDRDDRRDDDDDDRRRRDRRDRRDDDRDRDDRDDRDRDDDRRDRRRDRDRRRDDDDDDRDRRRDDRRRDRRDRDRRRDDDDDDRDDRRDRDDDRRRRRRRRRDRRRRRRRDDRDRRRDRDDDRRRRDRDDRDDDDDRDDDRDDDDDRDDRDRDRDDDDDDDRRDRDDRRDDDRDDRRRDDRDRDDDDDRRDDDDDDDDDDDDDDDDDDRDRRRRRDRRRDDRRRDDRDRDRDDDDRDDRDRRDRRDDRDRRDDDRRDDDDRRRDDDRDDDDDDDRDRDDDDDDDDDRRDDDDDDDDDDDRDDDR
