200637897135
RRRRRRRRRRRRRRDDRRRRDRDDRRRRRDRDRRDRRDRDDRRRDDDRRRRRRRRRDDDDRDRRRRRDDRDRRRRRDRDDRRDDRDRDDRRDRRRRRRRRRRRRRRRRRDRRDRDRRDRDDRRRRDRRRDRRDRDDDDDRDRDDRRRRDDDDDRRDRDDDRDRRDRRRDRRDDRRRRRDRDDRRRDDDDRDDRDRDDDRDRRDDRDRDRRDDDRDRRDDDDDDRDRRRDRRDRRRRRRRRDRRDRDDRRRDDDDDDDRRDRRRDRRRRRRRDDRRDDDRRDDRRRRRRRRRRRDRRRRRRRDRDRRRRDDRRDDDDDRRDDRRRDRRRRDDRRRRDDRRRRDDRDRDRRRRRDRDRDDRDDRDDRDRDDDRDDDRDDDDDDRRRDDRDDDRDRDDRDRDRRDRRRRDDRRDRRRRRRRRRDRRRDRDRDRRRRRDRDDDDRRDDDDRDRRRRDRDRDRRRDRRDDDDRDDDDDDDDDDDDDDRRRDDDRDDDDDDDDRRDRRDRRRRRRRDRRRDDDDDRRDDDDDDDDRDRDRRDDRDDDRDDDDDDRDDDDDDRDDDRRDDDRRRRRRRDDDDDDDRRRRRRDRDDDDDDRRRDDDRDRDRRRRRRRRRRRRDDRDDDDDDDDDDDDDDDDDDDDRDRDDDDRRDDDDDDDDDRDDDDDDRRDRDDDDRDDRDDDDDDRRRDRDDDDDDDDDRDDDDDDDRDDDDRRDRRDRRDRDDDDDDDRDDDRDRDRDRRRDRRDRRDDRRRRRDRDRDRDDDRDRDRDRDDDDRDRRDD
