148557024995
DDDDRRRDDDRRDRRRDDDRRDRDRRRDDRRDDDDDRDRRRDDRRDRRDDRRRRDRRDDDRRRDRRDRRRRDRRRDRDDRRRDDRRRRRRRRDDRRDRRRRRRDRRRRRRRRDDRRDDDRRRRRRRRRRDRRDDRRDDRDDRRRDDRRRRDRDRDDRRRDRDDDRDDRDRDRRRRDDDDDDDDDRRDRDRRRDDDRDDRDDDDDDDDRRRRDDRDDDDDRRDDDRDDDDDDRRDDDDDDRRRRRRDDDDRDDDDDDDDDDRDDDRRRRRDDDRRRRRDRDRRDDDRRRRDRDRRDRDRDDDDRRRDRDRDDRDDDRDRRRRDDDDDDDRDDRRDRDDRRRRDDDDDDDRRDRDDDDRRRDDDRDDRRRRRRRRDRDRDRDRRRRRDRRRRRRDRRRRDRRRRDRDRRDRDDDDDDRRRRRDDDRDDRDDRDRRRDDDDRRRRRRDRRRDDDDDRDRDDRRRRRDRRDDDDRRDDRRRRDRRRRDRDRDRDDDDRDDDRRDDDDDDDDDDDRRRDRRRDRRRRRDRDDDRDDDRDDDDDDDRRDDDDDDDRDDRRRRRDRRDRDDDRRDDDDDDDRDDRRDRRDRDRDDDRDRDR
